// Jest Snapshot v1, https://goo.gl/fbAQLP

exports[`Keyboard should render the Keyboard components 1`] = `
<div>
  <Key
    keys={
      Array [
        Object {
          "character": "q",
          "file": "Empty",
          "id": 81,
          "row": "first",
        },
        Object {
          "character": "w",
          "file": "Empty",
          "id": 87,
          "row": "first",
        },
        Object {
          "character": "e",
          "file": "Empty",
          "id": 69,
          "row": "first",
        },
        Object {
          "character": "r",
          "file": "Empty",
          "id": 82,
          "row": "first",
        },
        Object {
          "character": "t",
          "file": "Empty",
          "id": 84,
          "row": "first",
        },
        Object {
          "character": "y",
          "file": "Empty",
          "id": 89,
          "row": "first",
        },
        Object {
          "character": "u",
          "file": "Empty",
          "id": 85,
          "row": "first",
        },
        Object {
          "character": "i",
          "file": "Empty",
          "id": 73,
          "row": "first",
        },
        Object {
          "character": "o",
          "file": "Empty",
          "id": 79,
          "row": "first",
        },
        Object {
          "character": "p",
          "file": "Empty",
          "id": 80,
          "row": "first",
        },
        Object {
          "character": "a",
          "file": "Empty",
          "id": 65,
          "row": "second",
        },
        Object {
          "character": "s",
          "file": "Empty",
          "id": 83,
          "row": "second",
        },
        Object {
          "character": "d",
          "file": "39148__jobro__piano-ff-001.wav",
          "id": 68,
          "row": "second",
        },
        Object {
          "character": "f",
          "file": "Empty",
          "id": 70,
          "row": "second",
        },
        Object {
          "character": "g",
          "file": "Empty",
          "id": 71,
          "row": "second",
        },
        Object {
          "character": "h",
          "file": "Empty",
          "id": 72,
          "row": "second",
        },
        Object {
          "character": "j",
          "file": "Empty",
          "id": 74,
          "row": "second",
        },
        Object {
          "character": "k",
          "file": "Empty",
          "id": 75,
          "row": "second",
        },
        Object {
          "character": "l",
          "file": "Empty",
          "id": 76,
          "row": "second",
        },
        Object {
          "character": "z",
          "file": "Empty",
          "id": 90,
          "row": "third",
        },
        Object {
          "character": "x",
          "file": "Empty",
          "id": 88,
          "row": "third",
        },
        Object {
          "character": "c",
          "file": "Empty",
          "id": 67,
          "row": "third",
        },
        Object {
          "character": "v",
          "file": "Empty",
          "id": 86,
          "row": "third",
        },
        Object {
          "character": "b",
          "file": "Empty",
          "id": 66,
          "row": "third",
        },
        Object {
          "character": "n",
          "file": "Empty",
          "id": 78,
          "row": "third",
        },
        Object {
          "character": "m",
          "file": "Empty",
          "id": 77,
          "row": "third",
        },
      ]
    }
  />
</div>
`;
